// Jest Snapshot v1, https://goo.gl/fbAQLP

exports[`matches snapshot 1`] = `
<DocumentFragment>
  <nav>
    <div
      class="nav-container"
    >
      <input
        class="search-input"
        placeholder="Enter Your Search Dress"
        type="text"
      />
    </div>
    <div
      class="profile-container"
    >
      <a
        aria-label="Favorite"
        href="https://dkdkdkd.com"
      >
        <svg
          class="nav-icons"
          fill="none"
          height="1em"
          stroke="currentColor"
          stroke-linecap="round"
          stroke-linejoin="round"
          stroke-width="2"
          viewBox="0 0 24 24"
          width="1em"
          xmlns="http://www.w3.org/2000/svg"
        >
          <path
            d="M20.84 4.61a5.5 5.5 0 0 0-7.78 0L12 5.67l-1.06-1.06a5.5 5.5 0 0 0-7.78 7.78l1.06 1.06L12 21.23l7.78-7.78 1.06-1.06a5.5 5.5 0 0 0 0-7.78z"
          />
        </svg>
      </a>
      <a
        aria-label="Favorite"
        href="dkdkdkd.com"
      >
        <svg
          class="nav-icons"
          fill="currentColor"
          height="1em"
          stroke="currentColor"
          stroke-width="0"
          viewBox="0 0 1024 1024"
          width="1em"
          xmlns="http://www.w3.org/2000/svg"
        >
          <path
            d="M922.9 701.9H327.4l29.9-60.9 496.8-.9c16.8 0 31.2-12 34.2-28.6l68.8-385.1c1.8-10.1-.9-20.5-7.5-28.4a34.99 34.99 0 0 0-26.6-12.5l-632-2.1-5.4-25.4c-3.4-16.2-18-28-34.6-28H96.5a35.3 35.3 0 1 0 0 70.6h125.9L246 312.8l58.1 281.3-74.8 122.1a34.96 34.96 0 0 0-3 36.8c6 11.9 18.1 19.4 31.5 19.4h62.8a102.43 102.43 0 0 0-20.6 61.7c0 56.6 46 102.6 102.6 102.6s102.6-46 102.6-102.6c0-22.3-7.4-44-20.6-61.7h161.1a102.43 102.43 0 0 0-20.6 61.7c0 56.6 46 102.6 102.6 102.6s102.6-46 102.6-102.6c0-22.3-7.4-44-20.6-61.7H923c19.4 0 35.3-15.8 35.3-35.3a35.42 35.42 0 0 0-35.4-35.2zM305.7 253l575.8 1.9-56.4 315.8-452.3.8L305.7 253zm96.9 612.7c-17.4 0-31.6-14.2-31.6-31.6 0-17.4 14.2-31.6 31.6-31.6s31.6 14.2 31.6 31.6a31.6 31.6 0 0 1-31.6 31.6zm325.1 0c-17.4 0-31.6-14.2-31.6-31.6 0-17.4 14.2-31.6 31.6-31.6s31.6 14.2 31.6 31.6a31.6 31.6 0 0 1-31.6 31.6z"
          />
        </svg>
      </a>
      <a
        aria-label="Favorite"
        href="dkdkdkd.com"
      >
        <svg
          class="nav-icons"
          fill="currentColor"
          height="1em"
          stroke="currentColor"
          stroke-width="0"
          viewBox="0 0 1024 1024"
          width="1em"
          xmlns="http://www.w3.org/2000/svg"
        >
          <path
            d="M678.3 642.4c24.2-13 51.9-20.4 81.4-20.4h.1c3 0 4.4-3.6 2.2-5.6a371.67 371.67 0 0 0-103.7-65.8c-.4-.2-.8-.3-1.2-.5C719.2 505 759.6 431.7 759.6 349c0-137-110.8-248-247.5-248S264.7 212 264.7 349c0 82.7 40.4 156 102.6 201.1-.4.2-.8.3-1.2.5-44.7 18.9-84.8 46-119.3 80.6a373.42 373.42 0 0 0-80.4 119.5A373.6 373.6 0 0 0 137 888.8a8 8 0 0 0 8 8.2h59.9c4.3 0 7.9-3.5 8-7.8 2-77.2 32.9-149.5 87.6-204.3C357 628.2 432.2 597 512.2 597c56.7 0 111.1 15.7 158 45.1a8.1 8.1 0 0 0 8.1.3zM512.2 521c-45.8 0-88.9-17.9-121.4-50.4A171.2 171.2 0 0 1 340.5 349c0-45.9 17.9-89.1 50.3-121.6S466.3 177 512.2 177s88.9 17.9 121.4 50.4A171.2 171.2 0 0 1 683.9 349c0 45.9-17.9 89.1-50.3 121.6C601.1 503.1 558 521 512.2 521zM880 759h-84v-84c0-4.4-3.6-8-8-8h-56c-4.4 0-8 3.6-8 8v84h-84c-4.4 0-8 3.6-8 8v56c0 4.4 3.6 8 8 8h84v84c0 4.4 3.6 8 8 8h56c4.4 0 8-3.6 8-8v-84h84c4.4 0 8-3.6 8-8v-56c0-4.4-3.6-8-8-8z"
          />
        </svg>
      </a>
    </div>
  </nav>
</DocumentFragment>
`;

exports[`search bar render 1`] = `
<DocumentFragment>
  <nav>
    <div
      class="nav-container"
    >
      <input
        class="search-input"
        placeholder="Enter Your Search Dress"
        type="text"
      />
    </div>
    <div
      class="profile-container"
    >
      <a
        aria-label="Favorite"
        href="https://dkdkdkd.com"
      >
        <svg
          class="nav-icons"
          fill="none"
          height="1em"
          stroke="currentColor"
          stroke-linecap="round"
          stroke-linejoin="round"
          stroke-width="2"
          viewBox="0 0 24 24"
          width="1em"
          xmlns="http://www.w3.org/2000/svg"
        >
          <path
            d="M20.84 4.61a5.5 5.5 0 0 0-7.78 0L12 5.67l-1.06-1.06a5.5 5.5 0 0 0-7.78 7.78l1.06 1.06L12 21.23l7.78-7.78 1.06-1.06a5.5 5.5 0 0 0 0-7.78z"
          />
        </svg>
      </a>
      <a
        aria-label="Favorite"
        href="dkdkdkd.com"
      >
        <svg
          class="nav-icons"
          fill="currentColor"
          height="1em"
          stroke="currentColor"
          stroke-width="0"
          viewBox="0 0 1024 1024"
          width="1em"
          xmlns="http://www.w3.org/2000/svg"
        >
          <path
            d="M922.9 701.9H327.4l29.9-60.9 496.8-.9c16.8 0 31.2-12 34.2-28.6l68.8-385.1c1.8-10.1-.9-20.5-7.5-28.4a34.99 34.99 0 0 0-26.6-12.5l-632-2.1-5.4-25.4c-3.4-16.2-18-28-34.6-28H96.5a35.3 35.3 0 1 0 0 70.6h125.9L246 312.8l58.1 281.3-74.8 122.1a34.96 34.96 0 0 0-3 36.8c6 11.9 18.1 19.4 31.5 19.4h62.8a102.43 102.43 0 0 0-20.6 61.7c0 56.6 46 102.6 102.6 102.6s102.6-46 102.6-102.6c0-22.3-7.4-44-20.6-61.7h161.1a102.43 102.43 0 0 0-20.6 61.7c0 56.6 46 102.6 102.6 102.6s102.6-46 102.6-102.6c0-22.3-7.4-44-20.6-61.7H923c19.4 0 35.3-15.8 35.3-35.3a35.42 35.42 0 0 0-35.4-35.2zM305.7 253l575.8 1.9-56.4 315.8-452.3.8L305.7 253zm96.9 612.7c-17.4 0-31.6-14.2-31.6-31.6 0-17.4 14.2-31.6 31.6-31.6s31.6 14.2 31.6 31.6a31.6 31.6 0 0 1-31.6 31.6zm325.1 0c-17.4 0-31.6-14.2-31.6-31.6 0-17.4 14.2-31.6 31.6-31.6s31.6 14.2 31.6 31.6a31.6 31.6 0 0 1-31.6 31.6z"
          />
        </svg>
      </a>
      <a
        aria-label="Favorite"
        href="dkdkdkd.com"
      >
        <svg
          class="nav-icons"
          fill="currentColor"
          height="1em"
          stroke="currentColor"
          stroke-width="0"
          viewBox="0 0 1024 1024"
          width="1em"
          xmlns="http://www.w3.org/2000/svg"
        >
          <path
            d="M678.3 642.4c24.2-13 51.9-20.4 81.4-20.4h.1c3 0 4.4-3.6 2.2-5.6a371.67 371.67 0 0 0-103.7-65.8c-.4-.2-.8-.3-1.2-.5C719.2 505 759.6 431.7 759.6 349c0-137-110.8-248-247.5-248S264.7 212 264.7 349c0 82.7 40.4 156 102.6 201.1-.4.2-.8.3-1.2.5-44.7 18.9-84.8 46-119.3 80.6a373.42 373.42 0 0 0-80.4 119.5A373.6 373.6 0 0 0 137 888.8a8 8 0 0 0 8 8.2h59.9c4.3 0 7.9-3.5 8-7.8 2-77.2 32.9-149.5 87.6-204.3C357 628.2 432.2 597 512.2 597c56.7 0 111.1 15.7 158 45.1a8.1 8.1 0 0 0 8.1.3zM512.2 521c-45.8 0-88.9-17.9-121.4-50.4A171.2 171.2 0 0 1 340.5 349c0-45.9 17.9-89.1 50.3-121.6S466.3 177 512.2 177s88.9 17.9 121.4 50.4A171.2 171.2 0 0 1 683.9 349c0 45.9-17.9 89.1-50.3 121.6C601.1 503.1 558 521 512.2 521zM880 759h-84v-84c0-4.4-3.6-8-8-8h-56c-4.4 0-8 3.6-8 8v84h-84c-4.4 0-8 3.6-8 8v56c0 4.4 3.6 8 8 8h84v84c0 4.4 3.6 8 8 8h56c4.4 0 8-3.6 8-8v-84h84c4.4 0 8-3.6 8-8v-56c0-4.4-3.6-8-8-8z"
          />
        </svg>
      </a>
    </div>
  </nav>
</DocumentFragment>
`;
